
  .   ____          _            __ _ _
 /\\ / ___'_ __ _ _(_)_ __  __ _ \ \ \ \
( ( )\___ | '_ | '_| | '_ \/ _` | \ \ \ \
 \\/  ___)| |_)| | | | | || (_| |  ) ) ) )
  '  |____| .__|_| |_|_| |_\__, | / / / /
 =========|_|==============|___/=/_/_/_/

 :: Spring Boot ::                (v3.3.5)

2025-08-12T13:48:18.623Z  INFO 11776 --- [HotelBackend] [           main] c.example.hotel.HotelBackendApplication  : Starting HotelBackendApplication using Java 21.0.7 with PID 11776 (/workspace/hotel-backend/target/classes started by ubuntu in /workspace/hotel-backend)
2025-08-12T13:48:18.624Z  INFO 11776 --- [HotelBackend] [           main] c.example.hotel.HotelBackendApplication  : No active profile set, falling back to 1 default profile: "default"
2025-08-12T13:48:18.912Z  INFO 11776 --- [HotelBackend] [           main] .s.d.r.c.RepositoryConfigurationDelegate : Bootstrapping Spring Data JPA repositories in DEFAULT mode.
2025-08-12T13:48:18.950Z  INFO 11776 --- [HotelBackend] [           main] .s.d.r.c.RepositoryConfigurationDelegate : Finished Spring Data repository scanning in 34 ms. Found 3 JPA repository interfaces.
2025-08-12T13:48:19.179Z  INFO 11776 --- [HotelBackend] [           main] o.s.b.w.embedded.tomcat.TomcatWebServer  : Tomcat initialized with port 8080 (http)
2025-08-12T13:48:19.186Z  INFO 11776 --- [HotelBackend] [           main] o.apache.catalina.core.StandardService   : Starting service [Tomcat]
2025-08-12T13:48:19.186Z  INFO 11776 --- [HotelBackend] [           main] o.apache.catalina.core.StandardEngine    : Starting Servlet engine: [Apache Tomcat/10.1.31]
2025-08-12T13:48:19.215Z  INFO 11776 --- [HotelBackend] [           main] o.a.c.c.C.[Tomcat].[localhost].[/]       : Initializing Spring embedded WebApplicationContext
2025-08-12T13:48:19.215Z  INFO 11776 --- [HotelBackend] [           main] w.s.c.ServletWebServerApplicationContext : Root WebApplicationContext: initialization completed in 569 ms
2025-08-12T13:48:19.230Z  INFO 11776 --- [HotelBackend] [           main] com.zaxxer.hikari.HikariDataSource       : HikariPool-1 - Starting...
2025-08-12T13:48:19.319Z  INFO 11776 --- [HotelBackend] [           main] com.zaxxer.hikari.pool.HikariPool        : HikariPool-1 - Added connection conn0: url=jdbc:h2:mem:hoteldb user=SA
2025-08-12T13:48:19.320Z  INFO 11776 --- [HotelBackend] [           main] com.zaxxer.hikari.HikariDataSource       : HikariPool-1 - Start completed.
2025-08-12T13:48:19.326Z  INFO 11776 --- [HotelBackend] [           main] o.s.b.a.h2.H2ConsoleAutoConfiguration    : H2 console available at '/h2'. Database available at 'jdbc:h2:mem:hoteldb'
2025-08-12T13:48:19.384Z  INFO 11776 --- [HotelBackend] [           main] o.hibernate.jpa.internal.util.LogHelper  : HHH000204: Processing PersistenceUnitInfo [name: default]
2025-08-12T13:48:19.407Z  INFO 11776 --- [HotelBackend] [           main] org.hibernate.Version                    : HHH000412: Hibernate ORM core version 6.5.3.Final
2025-08-12T13:48:19.421Z  INFO 11776 --- [HotelBackend] [           main] o.h.c.internal.RegionFactoryInitiator    : HHH000026: Second-level cache disabled
2025-08-12T13:48:19.562Z  INFO 11776 --- [HotelBackend] [           main] o.s.o.j.p.SpringPersistenceUnitInfo      : No LoadTimeWeaver setup: ignoring JPA class transformer
2025-08-12T13:48:20.012Z  INFO 11776 --- [HotelBackend] [           main] o.h.e.t.j.p.i.JtaPlatformInitiator       : HHH000489: No JTA platform available (set 'hibernate.transaction.jta.platform' to enable JTA platform integration)
Hibernate: 
    create table bookings (
        id bigint generated by default as identity,
        check_in_date date not null,
        check_out_date date not null,
        status enum ('ACTIVE','CANCELLED') not null,
        total_price numeric(38,2) not null,
        guest_id bigint not null,
        room_id bigint not null,
        primary key (id)
    )
Hibernate: 
    create table guests (
        id bigint generated by default as identity,
        email varchar(255) not null,
        first_name varchar(255) not null,
        last_name varchar(255) not null,
        phone varchar(255) not null,
        primary key (id)
    )
Hibernate: 
    create table rooms (
        id bigint generated by default as identity,
        description varchar(255),
        number varchar(255) not null,
        price_per_night numeric(38,2) not null,
        type enum ('DOUBLE','SINGLE','SUITE') not null,
        primary key (id)
    )
Hibernate: 
    alter table if exists guests 
       drop constraint if exists UKdadfu7mrhcouq9pffy50363r0
Hibernate: 
    alter table if exists guests 
       add constraint UKdadfu7mrhcouq9pffy50363r0 unique (email)
Hibernate: 
    alter table if exists rooms 
       drop constraint if exists UKdas0g3gx65rc2af4dxqgu47sy
Hibernate: 
    alter table if exists rooms 
       add constraint UKdas0g3gx65rc2af4dxqgu47sy unique (number)
Hibernate: 
    alter table if exists bookings 
       add constraint FKpvlyfwhomknrbmo2d20src5vi 
       foreign key (guest_id) 
       references guests
Hibernate: 
    alter table if exists bookings 
       add constraint FKrgoycol97o21kpjodw1qox4nc 
       foreign key (room_id) 
       references rooms
2025-08-12T13:48:20.049Z  INFO 11776 --- [HotelBackend] [           main] j.LocalContainerEntityManagerFactoryBean : Initialized JPA EntityManagerFactory for persistence unit 'default'
2025-08-12T13:48:20.194Z  INFO 11776 --- [HotelBackend] [           main] o.s.d.j.r.query.QueryEnhancerFactory     : Hibernate is in classpath; If applicable, HQL parser will be used.
2025-08-12T13:48:20.421Z  WARN 11776 --- [HotelBackend] [           main] JpaBaseConfiguration$JpaWebConfiguration : spring.jpa.open-in-view is enabled by default. Therefore, database queries may be performed during view rendering. Explicitly configure spring.jpa.open-in-view to disable this warning
2025-08-12T13:48:20.465Z DEBUG 11776 --- [HotelBackend] [           main] s.w.s.m.m.a.RequestMappingHandlerMapping : 15 mappings in 'requestMappingHandlerMapping'
2025-08-12T13:48:20.501Z DEBUG 11776 --- [HotelBackend] [           main] o.s.w.s.handler.SimpleUrlHandlerMapping  : Patterns [/webjars/**, /**] in 'resourceHandlerMapping'
2025-08-12T13:48:20.516Z DEBUG 11776 --- [HotelBackend] [           main] s.w.s.m.m.a.RequestMappingHandlerAdapter : ControllerAdvice beans: 0 @ModelAttribute, 0 @InitBinder, 1 RequestBodyAdvice, 1 ResponseBodyAdvice
2025-08-12T13:48:20.530Z DEBUG 11776 --- [HotelBackend] [           main] .m.m.a.ExceptionHandlerExceptionResolver : ControllerAdvice beans: 0 @ExceptionHandler, 1 ResponseBodyAdvice
2025-08-12T13:48:20.587Z  INFO 11776 --- [HotelBackend] [           main] o.s.b.w.embedded.tomcat.TomcatWebServer  : Tomcat started on port 8080 (http) with context path '/'
2025-08-12T13:48:20.591Z  INFO 11776 --- [HotelBackend] [           main] c.example.hotel.HotelBackendApplication  : Started HotelBackendApplication in 2.14 seconds (process running for 2.295)
Hibernate: 
    select
        count(*) 
    from
        rooms r1_0
Hibernate: 
    insert 
    into
        rooms
        (description, number, price_per_night, type, id) 
    values
        (?, ?, ?, ?, default)
Hibernate: 
    insert 
    into
        rooms
        (description, number, price_per_night, type, id) 
    values
        (?, ?, ?, ?, default)
Hibernate: 
    insert 
    into
        rooms
        (description, number, price_per_night, type, id) 
    values
        (?, ?, ?, ?, default)
Hibernate: 
    select
        count(*) 
    from
        guests g1_0
Hibernate: 
    insert 
    into
        guests
        (email, first_name, last_name, phone, id) 
    values
        (?, ?, ?, ?, default)
2025-08-12T13:48:28.302Z  INFO 11776 --- [HotelBackend] [nio-8080-exec-1] o.a.c.c.C.[Tomcat].[localhost].[/]       : Initializing Spring DispatcherServlet 'dispatcherServlet'
2025-08-12T13:48:28.302Z  INFO 11776 --- [HotelBackend] [nio-8080-exec-1] o.s.web.servlet.DispatcherServlet        : Initializing Servlet 'dispatcherServlet'
2025-08-12T13:48:28.302Z DEBUG 11776 --- [HotelBackend] [nio-8080-exec-1] o.s.web.servlet.DispatcherServlet        : Detected StandardServletMultipartResolver
2025-08-12T13:48:28.302Z DEBUG 11776 --- [HotelBackend] [nio-8080-exec-1] o.s.web.servlet.DispatcherServlet        : Detected AcceptHeaderLocaleResolver
2025-08-12T13:48:28.302Z DEBUG 11776 --- [HotelBackend] [nio-8080-exec-1] o.s.web.servlet.DispatcherServlet        : Detected FixedThemeResolver
2025-08-12T13:48:28.303Z DEBUG 11776 --- [HotelBackend] [nio-8080-exec-1] o.s.web.servlet.DispatcherServlet        : Detected org.springframework.web.servlet.view.DefaultRequestToViewNameTranslator@7eeabaf3
2025-08-12T13:48:28.303Z DEBUG 11776 --- [HotelBackend] [nio-8080-exec-1] o.s.web.servlet.DispatcherServlet        : Detected org.springframework.web.servlet.support.SessionFlashMapManager@3bc82aa3
2025-08-12T13:48:28.303Z DEBUG 11776 --- [HotelBackend] [nio-8080-exec-1] o.s.web.servlet.DispatcherServlet        : enableLoggingRequestDetails='false': request parameters and headers will be masked to prevent unsafe logging of potentially sensitive data
2025-08-12T13:48:28.303Z  INFO 11776 --- [HotelBackend] [nio-8080-exec-1] o.s.web.servlet.DispatcherServlet        : Completed initialization in 1 ms
2025-08-12T13:48:28.307Z DEBUG 11776 --- [HotelBackend] [nio-8080-exec-1] o.s.web.servlet.DispatcherServlet        : GET "/api/rooms", parameters={}
2025-08-12T13:48:28.312Z DEBUG 11776 --- [HotelBackend] [nio-8080-exec-1] s.w.s.m.m.a.RequestMappingHandlerMapping : Mapped to com.example.hotel.controller.RoomController#list()
Hibernate: 
    select
        r1_0.id,
        r1_0.description,
        r1_0.number,
        r1_0.price_per_night,
        r1_0.type 
    from
        rooms r1_0
2025-08-12T13:48:28.341Z DEBUG 11776 --- [HotelBackend] [nio-8080-exec-1] m.m.a.RequestResponseBodyMethodProcessor : Using 'application/json', given [*/*] and supported [application/json, application/*+json]
2025-08-12T13:48:28.342Z DEBUG 11776 --- [HotelBackend] [nio-8080-exec-1] m.m.a.RequestResponseBodyMethodProcessor : Writing [[Room(id=1, number=101, type=SINGLE, pricePerNight=80.00, description=Cozy single room), Room(id=2,  (truncated)...]
2025-08-12T13:48:28.365Z DEBUG 11776 --- [HotelBackend] [nio-8080-exec-1] o.s.web.servlet.DispatcherServlet        : Completed 200 OK
2025-08-12T13:48:28.372Z DEBUG 11776 --- [HotelBackend] [nio-8080-exec-3] o.s.web.servlet.DispatcherServlet        : GET "/api/bookings", parameters={}
2025-08-12T13:48:28.372Z DEBUG 11776 --- [HotelBackend] [nio-8080-exec-3] s.w.s.m.m.a.RequestMappingHandlerMapping : Mapped to com.example.hotel.controller.BookingController#list()
Hibernate: 
    select
        b1_0.id,
        b1_0.check_in_date,
        b1_0.check_out_date,
        b1_0.guest_id,
        g1_0.id,
        g1_0.email,
        g1_0.first_name,
        g1_0.last_name,
        g1_0.phone,
        b1_0.room_id,
        r1_0.id,
        r1_0.description,
        r1_0.number,
        r1_0.price_per_night,
        r1_0.type,
        b1_0.status,
        b1_0.total_price 
    from
        bookings b1_0 
    join
        rooms r1_0 
            on r1_0.id=b1_0.room_id 
    join
        guests g1_0 
            on g1_0.id=b1_0.guest_id
2025-08-12T13:48:28.383Z DEBUG 11776 --- [HotelBackend] [nio-8080-exec-3] m.m.a.RequestResponseBodyMethodProcessor : Using 'application/json', given [*/*] and supported [application/json, application/*+json]
2025-08-12T13:48:28.383Z DEBUG 11776 --- [HotelBackend] [nio-8080-exec-3] m.m.a.RequestResponseBodyMethodProcessor : Writing [[]]
2025-08-12T13:48:28.383Z DEBUG 11776 --- [HotelBackend] [nio-8080-exec-3] o.s.web.servlet.DispatcherServlet        : Completed 200 OK
